<results>
  <div
       id="mainId"
      >
    
    <a
         class="OraLink"
         id="topId"
         href="uri-attr:encoded-action-url:http://www.oracle.com"
        >
      http://www.oracle.com
    </a>
    <br
        >
      
    </br>
    <a
         class="OraLink"
         id="bottomId"
         href="uri-attr:encoded-action-url:http://www.oracle.com"
        >
      http://www.oracle.com
    </a>
    <br
        >
      
    </br>
    <a
         class="OraLink"
         id="centerId"
         href="uri-attr:encoded-action-url:http://www.oracle.com"
        >
      http://www.oracle.com
    </a>
    <br
        >
      
    </br>
  </div>
<!--AttributeTest[source,/foo.html]-->

  <div
       id="mainId"
      >
    
    <a
         class="OraLink"
         id="topId"
         href="uri-attr:encoded-action-url:http://www.oracle.com"
        >
      http://www.oracle.com
    </a>
    <br
        >
      
    </br>
    <a
         class="OraLink"
         id="bottomId"
         href="uri-attr:encoded-action-url:http://www.oracle.com"
        >
      http://www.oracle.com
    </a>
    <br
        >
      
    </br>
    <a
         class="OraLink"
         id="centerId"
         href="uri-attr:encoded-action-url:/test-context-path/foo.html"
        >
      /test-context-path/foo.html
    </a>
    <br
        >
      
    </br>
  </div>
<!--AttributeTest[source,//foo.html]-->

  <div
       id="mainId"
      >
    
    <a
         class="OraLink"
         id="topId"
         href="uri-attr:encoded-action-url:http://www.oracle.com"
        >
      http://www.oracle.com
    </a>
    <br
        >
      
    </br>
    <a
         class="OraLink"
         id="bottomId"
         href="uri-attr:encoded-action-url:http://www.oracle.com"
        >
      http://www.oracle.com
    </a>
    <br
        >
      
    </br>
    <a
         class="OraLink"
         id="centerId"
         href="uri-attr:encoded-action-url:/foo.html"
        >
      /foo.html
    </a>
    <br
        >
      
    </br>
  </div>
<!--AttributeTest[name,myName]-->

  <div
       id="mainId"
      >
    
    <a
         class="OraLink"
         id="topId"
         href="uri-attr:encoded-action-url:http://www.oracle.com"
        >
      http://www.oracle.com
    </a>
    <br
        >
      
    </br>
    <a
         class="OraLink"
         id="bottomId"
         href="uri-attr:encoded-action-url:http://www.oracle.com"
        >
      http://www.oracle.com
    </a>
    <br
        >
      
    </br>
    <a
         class="OraLink"
         id="centerId"
         href="uri-attr:encoded-action-url:http://www.oracle.com"
        >
      http://www.oracle.com
    </a>
    <br
        >
      
    </br>
  </div>
<!--AttributeTest[shortDesc,myShortDesc]-->

  <div
       id="mainId"
      >
    
    <a
         class="OraLink"
         id="topId"
         href="uri-attr:encoded-action-url:http://www.oracle.com"
        >
      http://www.oracle.com
    </a>
    <br
        >
      
    </br>
    <a
         class="OraLink"
         id="bottomId"
         href="uri-attr:encoded-action-url:http://www.oracle.com"
        >
      http://www.oracle.com
    </a>
    <br
        >
      
    </br>
    <a
         class="OraLink"
         id="centerId"
         href="uri-attr:encoded-action-url:http://www.oracle.com"
        >
      myShortDesc
    </a>
    <br
        >
      
    </br>
  </div>
<!--AttributeTest[height,30pt]-->

  <div
       id="mainId"
      >
    
    <a
         class="OraLink"
         id="topId"
         href="uri-attr:encoded-action-url:http://www.oracle.com"
        >
      http://www.oracle.com
    </a>
    <br
        >
      
    </br>
    <a
         class="OraLink"
         id="bottomId"
         href="uri-attr:encoded-action-url:http://www.oracle.com"
        >
      http://www.oracle.com
    </a>
    <br
        >
      
    </br>
    <a
         class="OraLink"
         id="centerId"
         href="uri-attr:encoded-action-url:http://www.oracle.com"
        >
      http://www.oracle.com
    </a>
    <br
        >
      
    </br>
  </div>
<!--AttributeTest[width,30%]-->

  <div
       id="mainId"
      >
    
    <a
         class="OraLink"
         id="topId"
         href="uri-attr:encoded-action-url:http://www.oracle.com"
        >
      http://www.oracle.com
    </a>
    <br
        >
      
    </br>
    <a
         class="OraLink"
         id="bottomId"
         href="uri-attr:encoded-action-url:http://www.oracle.com"
        >
      http://www.oracle.com
    </a>
    <br
        >
      
    </br>
    <a
         class="OraLink"
         id="centerId"
         href="uri-attr:encoded-action-url:http://www.oracle.com"
        >
      http://www.oracle.com
    </a>
    <br
        >
      
    </br>
  </div>
</results>
