<results>
      <div
           id="mainId__xc_"
          >
        
        <table
             border="0"
             cellpadding="0"
             cellspacing="0"
             class="af_inputColor"
             role="presentation"
             summary=""
             width="100%"
            >
          
          <tr
              >
            
            <td
                 class="af_inputColor_label"
                >
              
            </td>
            <td
                 class="AFContentCell"
                 valign="top"
                >
              
              <input
                   class="af_inputColor_content"
                   id="mainId"
                   name="mainId"
                   onblur="_fixCFF(this);"
                   size="11"
                   type="text"
                  >
                
              </input>
              <div
                  >
                
                <img
                     alt=""
                     height="0"
                     width="1"
                     src="uri-attr:encoded-resource-url:/test-context-path/adf/images/t.gif"
                    >
                  
                </img>
              </div>
            </td>
          </tr>
        </table>
      </div>
<!--AttributeTest[disabled,false]-->

      <div
           id="mainId__xc_"
          >
        
        <table
             border="0"
             cellpadding="0"
             cellspacing="0"
             class="af_inputColor"
             role="presentation"
             summary=""
             width="100%"
            >
          
          <tr
              >
            
            <td
                 class="af_inputColor_label"
                >
              
            </td>
            <td
                 class="AFContentCell"
                 valign="top"
                >
              
              <input
                   class="af_inputColor_content"
                   id="mainId"
                   name="mainId"
                   onblur="_fixCFF(this);"
                   size="11"
                   type="text"
                  >
                
              </input>
              <div
                  >
                
                <img
                     alt=""
                     height="0"
                     width="1"
                     src="uri-attr:encoded-resource-url:/test-context-path/adf/images/t.gif"
                    >
                  
                </img>
              </div>
            </td>
          </tr>
        </table>
      </div>
<!--AttributeTest[disabled,true]-->

      <div
           id="mainId__xc_"
          >
        
        <table
             border="0"
             cellpadding="0"
             cellspacing="0"
             class="af_inputColor p_AFDisabled"
             role="presentation"
             summary=""
             width="100%"
            >
          
          <tr
              >
            
            <td
                 class="af_inputColor_label"
                >
              
            </td>
            <td
                 class="AFContentCell"
                 valign="top"
                >
              
              <input
                   class="af_inputColor_content"
                   disabled="disabled"
                   id="mainId"
                   name="mainId"
                   onblur="_fixCFF(this);"
                   size="11"
                   type="text"
                  >
                
              </input>
              <div
                  >
                
                <img
                     alt=""
                     height="0"
                     width="1"
                     src="uri-attr:encoded-resource-url:/test-context-path/adf/images/t.gif"
                    >
                  
                </img>
              </div>
            </td>
          </tr>
        </table>
      </div>
<!--AttributeTest[label,null]-->

      <div
           id="mainId__xc_"
          >
        
        <table
             border="0"
             cellpadding="0"
             cellspacing="0"
             class="af_inputColor"
             role="presentation"
             summary=""
             width="100%"
            >
          
          <tr
              >
            
            <td
                 class="af_inputColor_label"
                >
              
              <label
                   for="mainId"
                  >
                test-label
              </label>
            </td>
            <td
                 class="AFContentCell"
                 valign="top"
                >
              
              <input
                   class="af_inputColor_content"
                   id="mainId"
                   name="mainId"
                   onblur="_fixCFF(this);"
                   size="11"
                   type="text"
                  >
                
              </input>
              <div
                  >
                
                <img
                     alt=""
                     height="0"
                     width="1"
                     src="uri-attr:encoded-resource-url:/test-context-path/adf/images/t.gif"
                    >
                  
                </img>
              </div>
            </td>
          </tr>
        </table>
      </div>
<!--AttributeTest[readOnly,false]-->

      <div
           id="mainId__xc_"
          >
        
        <table
             border="0"
             cellpadding="0"
             cellspacing="0"
             class="af_inputColor"
             role="presentation"
             summary=""
             width="100%"
            >
          
          <tr
              >
            
            <td
                 class="af_inputColor_label"
                >
              
            </td>
            <td
                 class="AFContentCell"
                 valign="top"
                >
              
              <input
                   class="af_inputColor_content"
                   id="mainId"
                   name="mainId"
                   onblur="_fixCFF(this);"
                   size="11"
                   type="text"
                  >
                
              </input>
              <div
                  >
                
                <img
                     alt=""
                     height="0"
                     width="1"
                     src="uri-attr:encoded-resource-url:/test-context-path/adf/images/t.gif"
                    >
                  
                </img>
              </div>
            </td>
          </tr>
        </table>
      </div>
<!--AttributeTest[readOnly,true]-->

      <div
           id="mainId__xc_"
          >
        
        <table
             border="0"
             cellpadding="0"
             cellspacing="0"
             class="af_inputColor p_AFReadOnly"
             role="presentation"
             summary=""
             width="100%"
            >
          
          <tr
              >
            
            <td
                 class="af_inputColor_label"
                >
              
            </td>
            <td
                 class="AFContentCell"
                 valign="top"
                >
              
              <div
                   class="af_inputColor_content"
                   id="mainId"
                  >
                
              </div>
              <div
                  >
                
                <img
                     alt=""
                     height="0"
                     width="1"
                     src="uri-attr:encoded-resource-url:/test-context-path/adf/images/t.gif"
                    >
                  
                </img>
              </div>
            </td>
          </tr>
        </table>
      </div>
<!--AttributeTest[required,false]-->

      <div
           id="mainId__xc_"
          >
        
        <table
             border="0"
             cellpadding="0"
             cellspacing="0"
             class="af_inputColor"
             role="presentation"
             summary=""
             width="100%"
            >
          
          <tr
              >
            
            <td
                 class="af_inputColor_label"
                >
              
            </td>
            <td
                 class="AFContentCell"
                 valign="top"
                >
              
              <input
                   class="af_inputColor_content"
                   id="mainId"
                   name="mainId"
                   onblur="_fixCFF(this);"
                   size="11"
                   type="text"
                  >
                
              </input>
              <div
                  >
                
                <img
                     alt=""
                     height="0"
                     width="1"
                     src="uri-attr:encoded-resource-url:/test-context-path/adf/images/t.gif"
                    >
                  
                </img>
              </div>
            </td>
          </tr>
        </table>
      </div>
<!--AttributeTest[required,true]-->

      <div
           id="mainId__xc_"
          >
        
        <table
             border="0"
             cellpadding="0"
             cellspacing="0"
             class="af_inputColor p_AFRequired"
             role="presentation"
             summary=""
             width="100%"
            >
          
          <tr
              >
            
            <td
                 class="af_inputColor_label"
                >
              
              <span
                   class="AFRequiredIconStyle"
                   title="Required"
                  >
                *
              </span>
            </td>
            <td
                 class="AFContentCell"
                 valign="top"
                >
              
              <input
                   class="af_inputColor_content"
                   id="mainId"
                   name="mainId"
                   onblur="_fixCFF(this);"
                   size="11"
                   type="text"
                  >
                
              </input>
              <div
                  >
                
                <img
                     alt=""
                     height="0"
                     width="1"
                     src="uri-attr:encoded-resource-url:/test-context-path/adf/images/t.gif"
                    >
                  
                </img>
              </div>
            </td>
          </tr>
        </table>
      </div>
<!--AttributeTest[showRequired,false]-->

      <div
           id="mainId__xc_"
          >
        
        <table
             border="0"
             cellpadding="0"
             cellspacing="0"
             class="af_inputColor"
             role="presentation"
             summary=""
             width="100%"
            >
          
          <tr
              >
            
            <td
                 class="af_inputColor_label"
                >
              
            </td>
            <td
                 class="AFContentCell"
                 valign="top"
                >
              
              <input
                   class="af_inputColor_content"
                   id="mainId"
                   name="mainId"
                   onblur="_fixCFF(this);"
                   size="11"
                   type="text"
                  >
                
              </input>
              <div
                  >
                
                <img
                     alt=""
                     height="0"
                     width="1"
                     src="uri-attr:encoded-resource-url:/test-context-path/adf/images/t.gif"
                    >
                  
                </img>
              </div>
            </td>
          </tr>
        </table>
      </div>
<!--AttributeTest[required,false]-->

      <div
           id="mainId__xc_"
          >
        
        <table
             border="0"
             cellpadding="0"
             cellspacing="0"
             class="af_inputColor"
             role="presentation"
             summary=""
             width="100%"
            >
          
          <tr
              >
            
            <td
                 class="af_inputColor_label"
                >
              
            </td>
            <td
                 class="AFContentCell"
                 valign="top"
                >
              
              <input
                   class="af_inputColor_content"
                   id="mainId"
                   name="mainId"
                   onblur="_fixCFF(this);"
                   size="11"
                   type="text"
                  >
                
              </input>
              <div
                  >
                
                <img
                     alt=""
                     height="0"
                     width="1"
                     src="uri-attr:encoded-resource-url:/test-context-path/adf/images/t.gif"
                    >
                  
                </img>
              </div>
            </td>
          </tr>
        </table>
      </div>
<!--AttributeTest[required,true]-->

      <div
           id="mainId__xc_"
          >
        
        <table
             border="0"
             cellpadding="0"
             cellspacing="0"
             class="af_inputColor p_AFRequired"
             role="presentation"
             summary=""
             width="100%"
            >
          
          <tr
              >
            
            <td
                 class="af_inputColor_label"
                >
              
              <span
                   class="AFRequiredIconStyle"
                   title="Required"
                  >
                *
              </span>
            </td>
            <td
                 class="AFContentCell"
                 valign="top"
                >
              
              <input
                   class="af_inputColor_content"
                   id="mainId"
                   name="mainId"
                   onblur="_fixCFF(this);"
                   size="11"
                   type="text"
                  >
                
              </input>
              <div
                  >
                
                <img
                     alt=""
                     height="0"
                     width="1"
                     src="uri-attr:encoded-resource-url:/test-context-path/adf/images/t.gif"
                    >
                  
                </img>
              </div>
            </td>
          </tr>
        </table>
      </div>
<!--AttributeTest[showRequired,true]-->

      <div
           id="mainId__xc_"
          >
        
        <table
             border="0"
             cellpadding="0"
             cellspacing="0"
             class="af_inputColor p_AFRequired"
             role="presentation"
             summary=""
             width="100%"
            >
          
          <tr
              >
            
            <td
                 class="af_inputColor_label"
                >
              
              <span
                   class="AFRequiredIconStyle"
                   title="Required"
                  >
                *
              </span>
            </td>
            <td
                 class="AFContentCell"
                 valign="top"
                >
              
              <input
                   class="af_inputColor_content"
                   id="mainId"
                   name="mainId"
                   onblur="_fixCFF(this);"
                   size="11"
                   type="text"
                  >
                
              </input>
              <div
                  >
                
                <img
                     alt=""
                     height="0"
                     width="1"
                     src="uri-attr:encoded-resource-url:/test-context-path/adf/images/t.gif"
                    >
                  
                </img>
              </div>
            </td>
          </tr>
        </table>
      </div>
<!--AttributeTest[showRequired,true,AttributeTest[required,false]]-->

      <div
           id="mainId__xc_"
          >
        
        <table
             border="0"
             cellpadding="0"
             cellspacing="0"
             class="af_inputColor p_AFRequired"
             role="presentation"
             summary=""
             width="100%"
            >
          
          <tr
              >
            
            <td
                 class="af_inputColor_label"
                >
              
              <span
                   class="AFRequiredIconStyle"
                   title="Required"
                  >
                *
              </span>
            </td>
            <td
                 class="AFContentCell"
                 valign="top"
                >
              
              <input
                   class="af_inputColor_content"
                   id="mainId"
                   name="mainId"
                   onblur="_fixCFF(this);"
                   size="11"
                   type="text"
                  >
                
              </input>
              <div
                  >
                
                <img
                     alt=""
                     height="0"
                     width="1"
                     src="uri-attr:encoded-resource-url:/test-context-path/adf/images/t.gif"
                    >
                  
                </img>
              </div>
            </td>
          </tr>
        </table>
      </div>
<!--AttributeTest[showRequired,true,AttributeTest[required,true]]-->

      <div
           id="mainId__xc_"
          >
        
        <table
             border="0"
             cellpadding="0"
             cellspacing="0"
             class="af_inputColor p_AFRequired"
             role="presentation"
             summary=""
             width="100%"
            >
          
          <tr
              >
            
            <td
                 class="af_inputColor_label"
                >
              
              <span
                   class="AFRequiredIconStyle"
                   title="Required"
                  >
                *
              </span>
            </td>
            <td
                 class="AFContentCell"
                 valign="top"
                >
              
              <input
                   class="af_inputColor_content"
                   id="mainId"
                   name="mainId"
                   onblur="_fixCFF(this);"
                   size="11"
                   type="text"
                  >
                
              </input>
              <div
                  >
                
                <img
                     alt=""
                     height="0"
                     width="1"
                     src="uri-attr:encoded-resource-url:/test-context-path/adf/images/t.gif"
                    >
                  
                </img>
              </div>
            </td>
          </tr>
        </table>
      </div>
<!--AttributeTest[id,null]-->

      <div
           id="test-id__xc_"
          >
        
        <table
             border="0"
             cellpadding="0"
             cellspacing="0"
             class="af_inputColor"
             role="presentation"
             summary=""
             width="100%"
            >
          
          <tr
              >
            
            <td
                 class="af_inputColor_label"
                >
              
            </td>
            <td
                 class="AFContentCell"
                 valign="top"
                >
              
              <input
                   class="af_inputColor_content"
                   id="test-id"
                   name="test-id"
                   onblur="_fixCFF(this);"
                   size="11"
                   type="text"
                  >
                
              </input>
              <div
                  >
                
                <img
                     alt=""
                     height="0"
                     width="1"
                     src="uri-attr:encoded-resource-url:/test-context-path/adf/images/t.gif"
                    >
                  
                </img>
              </div>
            </td>
          </tr>
        </table>
      </div>
<!--AttributeTest[inlineStyle,background-color:red]-->

      <div
           id="mainId__xc_"
          >
        
        <table
             border="0"
             cellpadding="0"
             cellspacing="0"
             class="af_inputColor"
             role="presentation"
             style="background-color:red"
             summary=""
             width="100%"
            >
          
          <tr
              >
            
            <td
                 class="af_inputColor_label"
                >
              
            </td>
            <td
                 class="AFContentCell"
                 valign="top"
                >
              
              <input
                   class="af_inputColor_content"
                   id="mainId"
                   name="mainId"
                   onblur="_fixCFF(this);"
                   size="11"
                   type="text"
                  >
                
              </input>
              <div
                  >
                
                <img
                     alt=""
                     height="0"
                     width="1"
                     src="uri-attr:encoded-resource-url:/test-context-path/adf/images/t.gif"
                    >
                  
                </img>
              </div>
            </td>
          </tr>
        </table>
      </div>
<!--AttributeTest[shortDesc,null]-->

      <div
           id="mainId__xc_"
          >
        
        <table
             border="0"
             cellpadding="0"
             cellspacing="0"
             class="af_inputColor"
             role="presentation"
             summary=""
             title="test-shortDesc"
             width="100%"
            >
          
          <tr
              >
            
            <td
                 class="af_inputColor_label"
                >
              
            </td>
            <td
                 class="AFContentCell"
                 valign="top"
                >
              
              <input
                   class="af_inputColor_content"
                   id="mainId"
                   name="mainId"
                   onblur="_fixCFF(this);"
                   size="11"
                   title="test-shortDesc"
                   type="text"
                  >
                
              </input>
              <div
                  >
                
                <img
                     alt=""
                     height="0"
                     width="1"
                     src="uri-attr:encoded-resource-url:/test-context-path/adf/images/t.gif"
                    >
                  
                </img>
              </div>
            </td>
          </tr>
        </table>
      </div>
<!--AttributeTest[onblur,null]-->

      <div
           id="mainId__xc_"
          >
        
        <table
             border="0"
             cellpadding="0"
             cellspacing="0"
             class="af_inputColor"
             role="presentation"
             summary=""
             width="100%"
            >
          
          <tr
              >
            
            <td
                 class="af_inputColor_label"
                >
              
            </td>
            <td
                 class="AFContentCell"
                 valign="top"
                >
              
              <input
                   class="af_inputColor_content"
                   id="mainId"
                   name="mainId"
                   onblur="return _chain('_fixCFF(this);','test-onblur',this,null)"
                   size="11"
                   type="text"
                  >
                
              </input>
              <div
                  >
                
                <img
                     alt=""
                     height="0"
                     width="1"
                     src="uri-attr:encoded-resource-url:/test-context-path/adf/images/t.gif"
                    >
                  
                </img>
              </div>
            </td>
          </tr>
        </table>
      </div>
<!--AttributeTest[ondblclick,null]-->

      <div
           id="mainId__xc_"
          >
        
        <table
             border="0"
             cellpadding="0"
             cellspacing="0"
             class="af_inputColor"
             role="presentation"
             summary=""
             width="100%"
            >
          
          <tr
              >
            
            <td
                 class="af_inputColor_label"
                >
              
            </td>
            <td
                 class="AFContentCell"
                 valign="top"
                >
              
              <input
                   class="af_inputColor_content"
                   id="mainId"
                   name="mainId"
                   onblur="_fixCFF(this);"
                   ondblclick="test-ondblclick"
                   size="11"
                   type="text"
                  >
                
              </input>
              <div
                  >
                
                <img
                     alt=""
                     height="0"
                     width="1"
                     src="uri-attr:encoded-resource-url:/test-context-path/adf/images/t.gif"
                    >
                  
                </img>
              </div>
            </td>
          </tr>
        </table>
      </div>
<!--AttributeTest[onkeydown,null]-->

      <div
           id="mainId__xc_"
          >
        
        <table
             border="0"
             cellpadding="0"
             cellspacing="0"
             class="af_inputColor"
             role="presentation"
             summary=""
             width="100%"
            >
          
          <tr
              >
            
            <td
                 class="af_inputColor_label"
                >
              
            </td>
            <td
                 class="AFContentCell"
                 valign="top"
                >
              
              <input
                   class="af_inputColor_content"
                   id="mainId"
                   name="mainId"
                   onblur="_fixCFF(this);"
                   onkeydown="test-onkeydown"
                   size="11"
                   type="text"
                  >
                
              </input>
              <div
                  >
                
                <img
                     alt=""
                     height="0"
                     width="1"
                     src="uri-attr:encoded-resource-url:/test-context-path/adf/images/t.gif"
                    >
                  
                </img>
              </div>
            </td>
          </tr>
        </table>
      </div>
<!--AttributeTest[onkeypress,null]-->

      <div
           id="mainId__xc_"
          >
        
        <table
             border="0"
             cellpadding="0"
             cellspacing="0"
             class="af_inputColor"
             role="presentation"
             summary=""
             width="100%"
            >
          
          <tr
              >
            
            <td
                 class="af_inputColor_label"
                >
              
            </td>
            <td
                 class="AFContentCell"
                 valign="top"
                >
              
              <input
                   class="af_inputColor_content"
                   id="mainId"
                   name="mainId"
                   onblur="_fixCFF(this);"
                   onkeypress="test-onkeypress"
                   size="11"
                   type="text"
                  >
                
              </input>
              <div
                  >
                
                <img
                     alt=""
                     height="0"
                     width="1"
                     src="uri-attr:encoded-resource-url:/test-context-path/adf/images/t.gif"
                    >
                  
                </img>
              </div>
            </td>
          </tr>
        </table>
      </div>
<!--AttributeTest[onmousedown,null]-->

      <div
           id="mainId__xc_"
          >
        
        <table
             border="0"
             cellpadding="0"
             cellspacing="0"
             class="af_inputColor"
             role="presentation"
             summary=""
             width="100%"
            >
          
          <tr
              >
            
            <td
                 class="af_inputColor_label"
                >
              
            </td>
            <td
                 class="AFContentCell"
                 valign="top"
                >
              
              <input
                   class="af_inputColor_content"
                   id="mainId"
                   name="mainId"
                   onblur="_fixCFF(this);"
                   onmousedown="test-onmousedown"
                   size="11"
                   type="text"
                  >
                
              </input>
              <div
                  >
                
                <img
                     alt=""
                     height="0"
                     width="1"
                     src="uri-attr:encoded-resource-url:/test-context-path/adf/images/t.gif"
                    >
                  
                </img>
              </div>
            </td>
          </tr>
        </table>
      </div>
<!--AttributeTest[onmousemove,null]-->

      <div
           id="mainId__xc_"
          >
        
        <table
             border="0"
             cellpadding="0"
             cellspacing="0"
             class="af_inputColor"
             role="presentation"
             summary=""
             width="100%"
            >
          
          <tr
              >
            
            <td
                 class="af_inputColor_label"
                >
              
            </td>
            <td
                 class="AFContentCell"
                 valign="top"
                >
              
              <input
                   class="af_inputColor_content"
                   id="mainId"
                   name="mainId"
                   onblur="_fixCFF(this);"
                   onmousemove="test-onmousemove"
                   size="11"
                   type="text"
                  >
                
              </input>
              <div
                  >
                
                <img
                     alt=""
                     height="0"
                     width="1"
                     src="uri-attr:encoded-resource-url:/test-context-path/adf/images/t.gif"
                    >
                  
                </img>
              </div>
            </td>
          </tr>
        </table>
      </div>
<!--AttributeTest[onmouseout,null]-->

      <div
           id="mainId__xc_"
          >
        
        <table
             border="0"
             cellpadding="0"
             cellspacing="0"
             class="af_inputColor"
             role="presentation"
             summary=""
             width="100%"
            >
          
          <tr
              >
            
            <td
                 class="af_inputColor_label"
                >
              
            </td>
            <td
                 class="AFContentCell"
                 valign="top"
                >
              
              <input
                   class="af_inputColor_content"
                   id="mainId"
                   name="mainId"
                   onblur="_fixCFF(this);"
                   onmouseout="test-onmouseout"
                   size="11"
                   type="text"
                  >
                
              </input>
              <div
                  >
                
                <img
                     alt=""
                     height="0"
                     width="1"
                     src="uri-attr:encoded-resource-url:/test-context-path/adf/images/t.gif"
                    >
                  
                </img>
              </div>
            </td>
          </tr>
        </table>
      </div>
<!--AttributeTest[onmouseover,null]-->

      <div
           id="mainId__xc_"
          >
        
        <table
             border="0"
             cellpadding="0"
             cellspacing="0"
             class="af_inputColor"
             role="presentation"
             summary=""
             width="100%"
            >
          
          <tr
              >
            
            <td
                 class="af_inputColor_label"
                >
              
            </td>
            <td
                 class="AFContentCell"
                 valign="top"
                >
              
              <input
                   class="af_inputColor_content"
                   id="mainId"
                   name="mainId"
                   onblur="_fixCFF(this);"
                   onmouseover="test-onmouseover"
                   size="11"
                   type="text"
                  >
                
              </input>
              <div
                  >
                
                <img
                     alt=""
                     height="0"
                     width="1"
                     src="uri-attr:encoded-resource-url:/test-context-path/adf/images/t.gif"
                    >
                  
                </img>
              </div>
            </td>
          </tr>
        </table>
      </div>
<!--AttributeTest[onmouseup,null]-->

      <div
           id="mainId__xc_"
          >
        
        <table
             border="0"
             cellpadding="0"
             cellspacing="0"
             class="af_inputColor"
             role="presentation"
             summary=""
             width="100%"
            >
          
          <tr
              >
            
            <td
                 class="af_inputColor_label"
                >
              
            </td>
            <td
                 class="AFContentCell"
                 valign="top"
                >
              
              <input
                   class="af_inputColor_content"
                   id="mainId"
                   name="mainId"
                   onblur="_fixCFF(this);"
                   onmouseup="test-onmouseup"
                   size="11"
                   type="text"
                  >
                
              </input>
              <div
                  >
                
                <img
                     alt=""
                     height="0"
                     width="1"
                     src="uri-attr:encoded-resource-url:/test-context-path/adf/images/t.gif"
                    >
                  
                </img>
              </div>
            </td>
          </tr>
        </table>
      </div>
</results>
