<results>
      <div
           id="mainId"
          >
        
        <table
             border="0"
             cellpadding="0"
             cellspacing="0"
             class="af_messages"
             role="presentation"
             summary=""
            >
          
          <tbody
              >
            
            <tr
                >
              
              <td
                   class="af_messages_top-start"
                  >
                
              </td>
              <td
                   class="af_messages_top"
                  >
                
              </td>
              <td
                   class="af_messages_top-end"
                  >
                
              </td>
            </tr>
            <tr
                >
              
              <td
                   class="af_messages_start"
                  >
                
              </td>
              <td
                  >
                
                <div
                     class="af_messages_body"
                    >
                  
                  <div
                      >
                    
                    <h1
                         class="af_messages_header"
                        >
                      Information
                    </h1>
                  </div>
                  <ol
                       class="af_messages_list af_messages_list-single"
                       id="mainId__LIST__"
                      >
                    
                    <li
                        >
                      message summary - message detail
                    </li>
                    <li
                        >
                      message summary
                    </li>
                  </ol>
                </div>
              </td>
              <td
                   class="af_messages_end"
                  >
                
              </td>
            </tr>
            <tr
                >
              
              <td
                   class="af_messages_bottom-start"
                  >
                
              </td>
              <td
                   class="af_messages_bottom"
                  >
                
              </td>
              <td
                   class="af_messages_bottom-end"
                  >
                
              </td>
            </tr>
          </tbody>
        </table>
      </div>
<!-- MessageTest[ id:null,INFO ]-->

      <div
           id="mainId"
          >
        
        <table
             border="0"
             cellpadding="0"
             cellspacing="0"
             class="af_messages"
             role="presentation"
             summary=""
            >
          
          <tbody
              >
            
            <tr
                >
              
              <td
                   class="af_messages_top-start"
                  >
                
              </td>
              <td
                   class="af_messages_top"
                  >
                
              </td>
              <td
                   class="af_messages_top-end"
                  >
                
              </td>
            </tr>
            <tr
                >
              
              <td
                   class="af_messages_start"
                  >
                
              </td>
              <td
                  >
                
                <div
                     class="af_messages_body"
                    >
                  
                  <div
                      >
                    
                    <h1
                         class="af_messages_header"
                        >
                      Information
                    </h1>
                  </div>
                  <ol
                       class="af_messages_list af_messages_list-single"
                       id="mainId__LIST__"
                      >
                    
                    <li
                        >
                      message summary - message detail
                    </li>
                    <li
                        >
                      message summary
                    </li>
                  </ol>
                </div>
              </td>
              <td
                   class="af_messages_end"
                  >
                
              </td>
            </tr>
            <tr
                >
              
              <td
                   class="af_messages_bottom-start"
                  >
                
              </td>
              <td
                   class="af_messages_bottom"
                  >
                
              </td>
              <td
                   class="af_messages_bottom-end"
                  >
                
              </td>
            </tr>
          </tbody>
        </table>
      </div>
<!--AttributeTest[id,id_val]-->

      <div
           id="id_val"
          >
        
        <table
             border="0"
             cellpadding="0"
             cellspacing="0"
             class="af_messages"
             role="presentation"
             summary=""
            >
          
          <tbody
              >
            
            <tr
                >
              
              <td
                   class="af_messages_top-start"
                  >
                
              </td>
              <td
                   class="af_messages_top"
                  >
                
              </td>
              <td
                   class="af_messages_top-end"
                  >
                
              </td>
            </tr>
            <tr
                >
              
              <td
                   class="af_messages_start"
                  >
                
              </td>
              <td
                  >
                
                <div
                     class="af_messages_body"
                    >
                  
                  <div
                      >
                    
                    <h1
                         class="af_messages_header"
                        >
                      Information
                    </h1>
                  </div>
                  <ol
                       class="af_messages_list af_messages_list-single"
                       id="id_val__LIST__"
                      >
                    
                    <li
                        >
                      message summary - message detail
                    </li>
                    <li
                        >
                      message summary
                    </li>
                  </ol>
                </div>
              </td>
              <td
                   class="af_messages_end"
                  >
                
              </td>
            </tr>
            <tr
                >
              
              <td
                   class="af_messages_bottom-start"
                  >
                
              </td>
              <td
                   class="af_messages_bottom"
                  >
                
              </td>
              <td
                   class="af_messages_bottom-end"
                  >
                
              </td>
            </tr>
          </tbody>
        </table>
      </div>
<!--AttributeTest[inlineStyle,background-color:red]-->

      <div
           id="mainId"
          >
        
        <table
             border="0"
             cellpadding="0"
             cellspacing="0"
             class="af_messages"
             role="presentation"
             style="background-color:red"
             summary=""
            >
          
          <tbody
              >
            
            <tr
                >
              
              <td
                   class="af_messages_top-start"
                  >
                
              </td>
              <td
                   class="af_messages_top"
                  >
                
              </td>
              <td
                   class="af_messages_top-end"
                  >
                
              </td>
            </tr>
            <tr
                >
              
              <td
                   class="af_messages_start"
                  >
                
              </td>
              <td
                  >
                
                <div
                     class="af_messages_body"
                    >
                  
                  <div
                       style="background-color:red"
                      >
                    
                    <h1
                         class="af_messages_header"
                        >
                      Information
                    </h1>
                  </div>
                  <ol
                       class="af_messages_list af_messages_list-single"
                       id="mainId__LIST__"
                      >
                    
                    <li
                        >
                      message summary - message detail
                    </li>
                    <li
                        >
                      message summary
                    </li>
                  </ol>
                </div>
              </td>
              <td
                   class="af_messages_end"
                  >
                
              </td>
            </tr>
            <tr
                >
              
              <td
                   class="af_messages_bottom-start"
                  >
                
              </td>
              <td
                   class="af_messages_bottom"
                  >
                
              </td>
              <td
                   class="af_messages_bottom-end"
                  >
                
              </td>
            </tr>
          </tbody>
        </table>
      </div>
<!--AttributeTest[message,message_val]-->

      <div
           id="mainId"
          >
        
        <table
             border="0"
             cellpadding="0"
             cellspacing="0"
             class="af_messages"
             role="presentation"
             summary=""
            >
          
          <tbody
              >
            
            <tr
                >
              
              <td
                   class="af_messages_top-start"
                  >
                
              </td>
              <td
                   class="af_messages_top"
                  >
                
              </td>
              <td
                   class="af_messages_top-end"
                  >
                
              </td>
            </tr>
            <tr
                >
              
              <td
                   class="af_messages_start"
                  >
                
              </td>
              <td
                  >
                
                <div
                     class="af_messages_body"
                    >
                  
                  <div
                      >
                    
                    <h1
                         class="af_messages_header"
                        >
                      Information
                    </h1>
                  </div>
                  <div
                       class="af_messages_message-text"
                      >
                    message_val
                  </div>
                  <ol
                       class="af_messages_list af_messages_list-single"
                       id="mainId__LIST__"
                      >
                    
                    <li
                        >
                      message summary - message detail
                    </li>
                    <li
                        >
                      message summary
                    </li>
                  </ol>
                </div>
              </td>
              <td
                   class="af_messages_end"
                  >
                
              </td>
            </tr>
            <tr
                >
              
              <td
                   class="af_messages_bottom-start"
                  >
                
              </td>
              <td
                   class="af_messages_bottom"
                  >
                
              </td>
              <td
                   class="af_messages_bottom-end"
                  >
                
              </td>
            </tr>
          </tbody>
        </table>
      </div>
<!--AttributeTest[messageType,error]-->

      <div
           id="mainId"
          >
        
        <table
             border="0"
             cellpadding="0"
             cellspacing="0"
             class="af_messages"
             role="presentation"
             summary=""
            >
          
          <tbody
              >
            
            <tr
                >
              
              <td
                   class="af_messages_top-start"
                  >
                
              </td>
              <td
                   class="af_messages_top"
                  >
                
              </td>
              <td
                   class="af_messages_top-end"
                  >
                
              </td>
            </tr>
            <tr
                >
              
              <td
                   class="af_messages_start"
                  >
                
              </td>
              <td
                  >
                
                <div
                     class="af_messages_body"
                    >
                  
                  <div
                      >
                    
                    <h1
                         class="af_messages_header"
                        >
                      Information
                    </h1>
                  </div>
                  <ol
                       class="af_messages_list af_messages_list-single"
                       id="mainId__LIST__"
                      >
                    
                    <li
                        >
                      message summary - message detail
                    </li>
                    <li
                        >
                      message summary
                    </li>
                  </ol>
                </div>
              </td>
              <td
                   class="af_messages_end"
                  >
                
              </td>
            </tr>
            <tr
                >
              
              <td
                   class="af_messages_bottom-start"
                  >
                
              </td>
              <td
                   class="af_messages_bottom"
                  >
                
              </td>
              <td
                   class="af_messages_bottom-end"
                  >
                
              </td>
            </tr>
          </tbody>
        </table>
      </div>
<!--AttributeTest[shortDesc,shortDesc_val]-->

      <div
           id="mainId"
          >
        
        <table
             border="0"
             cellpadding="0"
             cellspacing="0"
             class="af_messages"
             role="presentation"
             summary=""
             title="shortDesc_val"
            >
          
          <tbody
              >
            
            <tr
                >
              
              <td
                   class="af_messages_top-start"
                  >
                
              </td>
              <td
                   class="af_messages_top"
                  >
                
              </td>
              <td
                   class="af_messages_top-end"
                  >
                
              </td>
            </tr>
            <tr
                >
              
              <td
                   class="af_messages_start"
                  >
                
              </td>
              <td
                  >
                
                <div
                     class="af_messages_body"
                    >
                  
                  <div
                       title="shortDesc_val"
                      >
                    
                    <h1
                         class="af_messages_header"
                        >
                      Information
                    </h1>
                  </div>
                  <ol
                       class="af_messages_list af_messages_list-single"
                       id="mainId__LIST__"
                      >
                    
                    <li
                        >
                      message summary - message detail
                    </li>
                    <li
                        >
                      message summary
                    </li>
                  </ol>
                </div>
              </td>
              <td
                   class="af_messages_end"
                  >
                
              </td>
            </tr>
            <tr
                >
              
              <td
                   class="af_messages_bottom-start"
                  >
                
              </td>
              <td
                   class="af_messages_bottom"
                  >
                
              </td>
              <td
                   class="af_messages_bottom-end"
                  >
                
              </td>
            </tr>
          </tbody>
        </table>
      </div>
<!--AttributeTest[styleClass,styleClass_val]-->

      <div
           id="mainId"
          >
        
        <table
             border="0"
             cellpadding="0"
             cellspacing="0"
             class="styleClass_val af_messages"
             role="presentation"
             summary=""
            >
          
          <tbody
              >
            
            <tr
                >
              
              <td
                   class="af_messages_top-start"
                  >
                
              </td>
              <td
                   class="af_messages_top"
                  >
                
              </td>
              <td
                   class="af_messages_top-end"
                  >
                
              </td>
            </tr>
            <tr
                >
              
              <td
                   class="af_messages_start"
                  >
                
              </td>
              <td
                  >
                
                <div
                     class="af_messages_body"
                    >
                  
                  <div
                       class="styleClass_val"
                      >
                    
                    <h1
                         class="af_messages_header"
                        >
                      Information
                    </h1>
                  </div>
                  <ol
                       class="af_messages_list af_messages_list-single"
                       id="mainId__LIST__"
                      >
                    
                    <li
                        >
                      message summary - message detail
                    </li>
                    <li
                        >
                      message summary
                    </li>
                  </ol>
                </div>
              </td>
              <td
                   class="af_messages_end"
                  >
                
              </td>
            </tr>
            <tr
                >
              
              <td
                   class="af_messages_bottom-start"
                  >
                
              </td>
              <td
                   class="af_messages_bottom"
                  >
                
              </td>
              <td
                   class="af_messages_bottom-end"
                  >
                
              </td>
            </tr>
          </tbody>
        </table>
      </div>
<!--AttributeTest[text,text_val]-->

      <div
           id="mainId"
          >
        
        <table
             border="0"
             cellpadding="0"
             cellspacing="0"
             class="af_messages"
             role="presentation"
             summary=""
            >
          
          <tbody
              >
            
            <tr
                >
              
              <td
                   class="af_messages_top-start"
                  >
                
              </td>
              <td
                   class="af_messages_top"
                  >
                
              </td>
              <td
                   class="af_messages_top-end"
                  >
                
              </td>
            </tr>
            <tr
                >
              
              <td
                   class="af_messages_start"
                  >
                
              </td>
              <td
                  >
                
                <div
                     class="af_messages_body"
                    >
                  
                  <div
                      >
                    
                    <h1
                         class="af_messages_header"
                        >
                      text_val
                    </h1>
                  </div>
                  <ol
                       class="af_messages_list af_messages_list-single"
                       id="mainId__LIST__"
                      >
                    
                    <li
                        >
                      message summary - message detail
                    </li>
                    <li
                        >
                      message summary
                    </li>
                  </ol>
                </div>
              </td>
              <td
                   class="af_messages_end"
                  >
                
              </td>
            </tr>
            <tr
                >
              
              <td
                   class="af_messages_bottom-start"
                  >
                
              </td>
              <td
                   class="af_messages_bottom"
                  >
                
              </td>
              <td
                   class="af_messages_bottom-end"
                  >
                
              </td>
            </tr>
          </tbody>
        </table>
      </div>
</results>
