<results>
      <div
           id="mainId__xc_"
          >
        
        <table
             border="0"
             cellpadding="0"
             cellspacing="0"
             role="presentation"
             summary=""
             width="100%"
            >
          
          <tr
              >
            
            <td
                 class="af_panelLabelAndMessage_label"
                >
              
            </td>
            <td
                 class="AFContentCell"
                 valign="top"
                >
              
              <table
                   border="0"
                   cellpadding="0"
                   cellspacing="0"
                   role="presentation"
                   summary=""
                  >
                
                <tr
                    >
                  
                  <td
                      >
                    
                    <div
                         id="_idXXX__xc_"
                        >
                      
                      <table
                           border="0"
                           cellpadding="0"
                           cellspacing="0"
                           class="af_selectBooleanCheckbox"
                           role="presentation"
                           summary=""
                           width="100%"
                          >
                        
                        <tr
                            >
                          
                          <td
                               class="af_selectBooleanCheckbox_label"
                              >
                            
                          </td>
                          <td
                               class="AFContentCell"
                               valign="top"
                              >
                            
                            <span
                                 class="af_selectBooleanCheckbox_content"
                                >
                              
                              <input
                                   id="_idXXX"
                                   name="_idXXX"
                                   type="checkbox"
                                   value="t"
                                  >
                                
                              </input>
                              <label
                                   for="_idXXX"
                                  >
                                Checkbox 1
                              </label>
                            </span>
                            <div
                                >
                              
                              <img
                                   alt=""
                                   height="0"
                                   width="1"
                                   src="uri-attr:encoded-resource-url:/test-context-path/adf/images/t.gif"
                                  >
                                
                              </img>
                            </div>
                          </td>
                        </tr>
                      </table>
                    </div>
                    <div
                         id="_idXXX__xc_"
                        >
                      
                      <table
                           border="0"
                           cellpadding="0"
                           cellspacing="0"
                           class="af_selectBooleanCheckbox"
                           role="presentation"
                           summary=""
                           width="100%"
                          >
                        
                        <tr
                            >
                          
                          <td
                               class="af_selectBooleanCheckbox_label"
                              >
                            
                          </td>
                          <td
                               class="AFContentCell"
                               valign="top"
                              >
                            
                            <span
                                 class="af_selectBooleanCheckbox_content"
                                >
                              
                              <input
                                   id="_idXXX"
                                   name="_idXXX"
                                   type="checkbox"
                                   value="t"
                                  >
                                
                              </input>
                              <label
                                   for="_idXXX"
                                  >
                                Checkbox 2
                              </label>
                            </span>
                            <div
                                >
                              
                              <img
                                   alt=""
                                   height="0"
                                   width="1"
                                   src="uri-attr:encoded-resource-url:/test-context-path/adf/images/t.gif"
                                  >
                                
                              </img>
                            </div>
                          </td>
                        </tr>
                      </table>
                    </div>
                  </td>
                  <td
                      >
                    
                    <div
                         id="_idXXX__xc_"
                        >
                      
                      <table
                           border="0"
                           cellpadding="0"
                           cellspacing="0"
                           class="af_inputText"
                           role="presentation"
                           summary=""
                           width="100%"
                          >
                        
                        <tr
                            >
                          
                          <td
                               class="af_inputText_label"
                              >
                            
                          </td>
                          <td
                               class="AFContentCell"
                               valign="top"
                              >
                            
                            <input
                                 class="af_inputText_content"
                                 id="_idXXX"
                                 name="_idXXX"
                                 size="11"
                                 type="text"
                                >
                              
                            </input>
                            <div
                                >
                              
                              <img
                                   alt=""
                                   height="0"
                                   width="1"
                                   src="uri-attr:encoded-resource-url:/test-context-path/adf/images/t.gif"
                                  >
                                
                              </img>
                            </div>
                          </td>
                        </tr>
                      </table>
                    </div>
                  </td>
                </tr>
              </table>
              <div
                  >
                
                <img
                     alt=""
                     height="0"
                     width="1"
                     src="uri-attr:encoded-resource-url:/test-context-path/adf/images/t.gif"
                    >
                  
                </img>
              </div>
            </td>
          </tr>
          <tr
              >
            
            <td
                >
              
            </td>
            <td
                 class="AFComponentMessageCell"
                >
              
              <span
                   class="OraInlineInfoText"
                  >
                help text
              </span>
            </td>
          </tr>
        </table>
      </div>
</results>
